whyelab@gateway:~$ sudo sysctl -w net.ipv4.ip_forward=1  
net.ipv4.ip_forward = 1
whyelab@gateway:~$ echo "deb http://us.archive.ubuntu.com/ubuntu/ focal main restricted universe multiverse" | sudo tee -a /etc/apt/sources.list
deb http://us.archive.ubuntu.com/ubuntu/ focal main restricted universe multiverse
whyelab@gateway:~$ sudo apt-get update
Hit:1 http://us.archive.ubuntu.com/ubuntu bionic InRelease
Hit:2 http://us.archive.ubuntu.com/ubuntu bionic-updates InRelease
Hit:3 http://us.archive.ubuntu.com/ubuntu bionic-backports InRelease                  
Get:4 http://us.archive.ubuntu.com/ubuntu focal InRelease [265 kB]                    
Hit:5 http://security.ubuntu.com/ubuntu bionic-security InRelease                               
Get:6 http://us.archive.ubuntu.com/ubuntu focal/main amd64 Packages [970 kB]
Get:7 http://us.archive.ubuntu.com/ubuntu focal/main i386 Packages [718 kB]
Get:8 http://us.archive.ubuntu.com/ubuntu focal/main Translation-en [506 kB]       
Get:9 http://us.archive.ubuntu.com/ubuntu focal/main amd64 c-n-f Metadata [29.5 kB]  
Get:10 http://us.archive.ubuntu.com/ubuntu focal/restricted i386 Packages [8,112 B]   
Get:11 http://us.archive.ubuntu.com/ubuntu focal/restricted amd64 Packages [22.0 kB]
Get:12 http://us.archive.ubuntu.com/ubuntu focal/restricted Translation-en [6,212 B]
Get:13 http://us.archive.ubuntu.com/ubuntu focal/restricted amd64 c-n-f Metadata [392 B]
Get:14 http://us.archive.ubuntu.com/ubuntu focal/universe amd64 Packages [8,628 kB]  
Get:15 http://us.archive.ubuntu.com/ubuntu focal/universe i386 Packages [4,642 kB]
Get:16 http://us.archive.ubuntu.com/ubuntu focal/universe Translation-en [5,124 kB]     
Get:17 http://us.archive.ubuntu.com/ubuntu focal/universe amd64 c-n-f Metadata [265 kB]
Get:18 http://us.archive.ubuntu.com/ubuntu focal/multiverse amd64 Packages [144 kB]
Get:19 http://us.archive.ubuntu.com/ubuntu focal/multiverse i386 Packages [74.7 kB]
Get:20 http://us.archive.ubuntu.com/ubuntu focal/multiverse Translation-en [104 kB]
Get:21 http://us.archive.ubuntu.com/ubuntu focal/multiverse amd64 c-n-f Metadata [9,136 B]
Fetched 21.5 MB in 5s (3,954 kB/s)                           
Reading package lists... Done
whyelab@gateway:~$ sudo apt-get -y install dnsmasq dnsmasq-base
Reading package lists... Done
Building dependency tree       
Reading state information... Done
The following package was automatically installed and is no longer required:
  ssl-cert
Use 'sudo apt autoremove' to remove it.
The following additional packages will be installed:
  dns-root-data gcc-10-base libc-bin libc-dev-bin libc6 libc6-dbg libc6-dev libcrypt-dev libcrypt1 libgcc-s1 libhogweed5 libidn2-0 libnetfilter-conntrack3 libnettle7
  locales manpages-dev
Suggested packages:
  resolvconf glibc-doc
The following NEW packages will be installed:
  dns-root-data dnsmasq dnsmasq-base gcc-10-base libcrypt-dev libcrypt1 libgcc-s1 libhogweed5 libnettle7
The following packages will be upgraded:
  libc-bin libc-dev-bin libc6 libc6-dbg libc6-dev libidn2-0 libnetfilter-conntrack3 locales manpages-dev
9 upgraded, 9 newly installed, 0 to remove and 678 not upgraded.
Need to get 18.7 MB of archives.
After this operation, 12.2 MB of additional disk space will be used.
Get:1 http://us.archive.ubuntu.com/ubuntu focal/main amd64 gcc-10-base amd64 10-20200411-0ubuntu1 [19.0 kB]
Get:2 http://us.archive.ubuntu.com/ubuntu focal/main amd64 libgcc-s1 amd64 10-20200411-0ubuntu1 [41.6 kB]
Get:3 http://us.archive.ubuntu.com/ubuntu focal/main amd64 libcrypt1 amd64 1:4.4.10-10ubuntu4 [78.2 kB]
Get:4 http://us.archive.ubuntu.com/ubuntu focal/main amd64 locales all 2.31-0ubuntu9 [3,870 kB]
Get:5 http://us.archive.ubuntu.com/ubuntu focal/main amd64 libc6 amd64 2.31-0ubuntu9 [2,713 kB]
Get:6 http://us.archive.ubuntu.com/ubuntu focal/main amd64 libc-bin amd64 2.31-0ubuntu9 [636 kB]
Get:7 http://us.archive.ubuntu.com/ubuntu focal/main amd64 libc6-dbg amd64 2.31-0ubuntu9 [5,671 kB]
Get:8 http://us.archive.ubuntu.com/ubuntu focal/main amd64 libc-dev-bin amd64 2.31-0ubuntu9 [71.8 kB]
Get:9 http://us.archive.ubuntu.com/ubuntu focal/main amd64 manpages-dev all 5.05-1 [2,266 kB]
Get:10 http://us.archive.ubuntu.com/ubuntu focal/main amd64 libc6-dev amd64 2.31-0ubuntu9 [2,520 kB]
Get:11 http://us.archive.ubuntu.com/ubuntu focal/main amd64 libcrypt-dev amd64 1:4.4.10-10ubuntu4 [104 kB]
Get:12 http://us.archive.ubuntu.com/ubuntu focal/main amd64 libidn2-0 amd64 2.2.0-2 [50.4 kB]
Get:13 http://us.archive.ubuntu.com/ubuntu focal/main amd64 libnettle7 amd64 3.5.1+really3.5.1-2 [114 kB]
Get:14 http://us.archive.ubuntu.com/ubuntu focal/main amd64 libhogweed5 amd64 3.5.1+really3.5.1-2 [138 kB]
Get:15 http://us.archive.ubuntu.com/ubuntu focal/main amd64 libnetfilter-conntrack3 amd64 1.0.7-2 [41.4 kB]
Get:16 http://us.archive.ubuntu.com/ubuntu focal/main amd64 dns-root-data all 2019052802 [5,300 B]
Get:17 http://us.archive.ubuntu.com/ubuntu focal/main amd64 dnsmasq-base amd64 2.80-1.1ubuntu1 [314 kB]
Get:18 http://us.archive.ubuntu.com/ubuntu focal/universe amd64 dnsmasq all 2.80-1.1ubuntu1 [16.5 kB]
Fetched 18.7 MB in 1s (33.9 MB/s)
Preconfiguring packages ...
Selecting previously unselected package gcc-10-base:amd64.
(Reading database ... 117456 files and directories currently installed.)
Preparing to unpack .../gcc-10-base_10-20200411-0ubuntu1_amd64.deb ...
Unpacking gcc-10-base:amd64 (10-20200411-0ubuntu1) ...
Setting up gcc-10-base:amd64 (10-20200411-0ubuntu1) ...
Selecting previously unselected package libgcc-s1:amd64.
(Reading database ... 117461 files and directories currently installed.)
Preparing to unpack .../libgcc-s1_10-20200411-0ubuntu1_amd64.deb ...
Unpacking libgcc-s1:amd64 (10-20200411-0ubuntu1) ...
Replacing files in old package libgcc1:amd64 (1:8.4.0-1ubuntu1~18.04) ...
Setting up libgcc-s1:amd64 (10-20200411-0ubuntu1) ...
(Reading database ... 117463 files and directories currently installed.)
Preparing to unpack .../locales_2.31-0ubuntu9_all.deb ...
Unpacking locales (2.31-0ubuntu9) over (2.27-3ubuntu1.5) ...
Preparing to unpack .../libc6_2.31-0ubuntu9_amd64.deb ...
Checking for services that may need to be restarted...
Checking init scripts...
Checking for services that may need to be restarted...
Checking init scripts...
Stopping some services possibly affected by the upgrade (will be restarted later):
  cron: stopping...done.

Unpacking libc6:amd64 (2.31-0ubuntu9) over (2.27-3ubuntu1.5) ...
Selecting previously unselected package libcrypt1:amd64.
Preparing to unpack .../libcrypt1_1%3a4.4.10-10ubuntu4_amd64.deb ...
Unpacking libcrypt1:amd64 (1:4.4.10-10ubuntu4) ...
Setting up libcrypt1:amd64 (1:4.4.10-10ubuntu4) ...
Setting up libc6:amd64 (2.31-0ubuntu9) ...
Checking for services that may need to be restarted...
Checking init scripts...
Restarting services possibly affected by the upgrade:
  cron: restarting...done.

Services restarted successfully.
(Reading database ... 117465 files and directories currently installed.)
Preparing to unpack .../libc-bin_2.31-0ubuntu9_amd64.deb ...
Unpacking libc-bin (2.31-0ubuntu9) over (2.27-3ubuntu1.5) ...
Setting up libc-bin (2.31-0ubuntu9) ...
(Reading database ... 117465 files and directories currently installed.)
Preparing to unpack .../0-libc6-dbg_2.31-0ubuntu9_amd64.deb ...
Unpacking libc6-dbg:amd64 (2.31-0ubuntu9) over (2.27-3ubuntu1.5) ...
Preparing to unpack .../1-libc-dev-bin_2.31-0ubuntu9_amd64.deb ...
Unpacking libc-dev-bin (2.31-0ubuntu9) over (2.27-3ubuntu1.5) ...
Preparing to unpack .../2-manpages-dev_5.05-1_all.deb ...
Unpacking manpages-dev (5.05-1) over (4.15-1) ...
Preparing to unpack .../3-libc6-dev_2.31-0ubuntu9_amd64.deb ...
Unpacking libc6-dev:amd64 (2.31-0ubuntu9) over (2.27-3ubuntu1.5) ...
Selecting previously unselected package libcrypt-dev:amd64.
Preparing to unpack .../4-libcrypt-dev_1%3a4.4.10-10ubuntu4_amd64.deb ...
Unpacking libcrypt-dev:amd64 (1:4.4.10-10ubuntu4) ...
Preparing to unpack .../5-libidn2-0_2.2.0-2_amd64.deb ...
Unpacking libidn2-0:amd64 (2.2.0-2) over (2.0.4-1.1ubuntu0.2) ...
Setting up libidn2-0:amd64 (2.2.0-2) ...
Selecting previously unselected package libnettle7:amd64.
(Reading database ... 117523 files and directories currently installed.)
Preparing to unpack .../0-libnettle7_3.5.1+really3.5.1-2_amd64.deb ...
Unpacking libnettle7:amd64 (3.5.1+really3.5.1-2) ...
Selecting previously unselected package libhogweed5:amd64.
Preparing to unpack .../1-libhogweed5_3.5.1+really3.5.1-2_amd64.deb ...
Unpacking libhogweed5:amd64 (3.5.1+really3.5.1-2) ...
Preparing to unpack .../2-libnetfilter-conntrack3_1.0.7-2_amd64.deb ...
Unpacking libnetfilter-conntrack3:amd64 (1.0.7-2) over (1.0.6-2) ...
Selecting previously unselected package dns-root-data.
Preparing to unpack .../3-dns-root-data_2019052802_all.deb ...
Unpacking dns-root-data (2019052802) ...
Selecting previously unselected package dnsmasq-base.
Preparing to unpack .../4-dnsmasq-base_2.80-1.1ubuntu1_amd64.deb ...
Unpacking dnsmasq-base (2.80-1.1ubuntu1) ...
Selecting previously unselected package dnsmasq.
Preparing to unpack .../5-dnsmasq_2.80-1.1ubuntu1_all.deb ...
Unpacking dnsmasq (2.80-1.1ubuntu1) ...
Setting up libnetfilter-conntrack3:amd64 (1.0.7-2) ...
Setting up libc6-dbg:amd64 (2.31-0ubuntu9) ...
Processing triggers for ureadahead (0.100.0-20) ...
ureadahead will be reprofiled on next reboot
Setting up libnettle7:amd64 (3.5.1+really3.5.1-2) ...
Setting up dns-root-data (2019052802) ...
Processing triggers for libc-bin (2.31-0ubuntu9) ...
Processing triggers for systemd (237-3ubuntu10.50) ...
Setting up libcrypt-dev:amd64 (1:4.4.10-10ubuntu4) ...
Processing triggers for man-db (2.8.3-2) ...
Setting up libc-dev-bin (2.31-0ubuntu9) ...
Processing triggers for dbus (1.12.2-1ubuntu1.2) ...
Setting up manpages-dev (5.05-1) ...
Setting up libc6-dev:amd64 (2.31-0ubuntu9) ...
Setting up locales (2.31-0ubuntu9) ...
Installing new version of config file /etc/locale.alias ...
Generating locales (this might take a while)...
  en_AG.UTF-8... done
  en_AU.UTF-8... done
  en_BW.UTF-8... done
  en_CA.UTF-8... done
  en_DK.UTF-8... done
  en_GB.UTF-8... done
  en_HK.UTF-8... done
  en_IE.UTF-8... done
  en_IL.UTF-8... done
  en_IN.UTF-8... done
  en_NG.UTF-8... done
  en_NZ.UTF-8... done
  en_PH.UTF-8... done
  en_SG.UTF-8... done
  en_US.UTF-8... done
  en_ZA.UTF-8... done
  en_ZM.UTF-8... done
  en_ZW.UTF-8... done
Generation complete.
Setting up libhogweed5:amd64 (3.5.1+really3.5.1-2) ...
Setting up dnsmasq-base (2.80-1.1ubuntu1) ...
Setting up dnsmasq (2.80-1.1ubuntu1) ...
Created symlink /etc/systemd/system/multi-user.target.wants/dnsmasq.service → /lib/systemd/system/dnsmasq.service.
Job for dnsmasq.service failed because the control process exited with error code.
See "systemctl status dnsmasq.service" and "journalctl -xe" for details.
invoke-rc.d: initscript dnsmasq, action "start" failed.
● dnsmasq.service - dnsmasq - A lightweight DHCP and caching DNS server
   Loaded: loaded (/lib/systemd/system/dnsmasq.service; enabled; vendor preset: enabled)
   Active: failed (Result: exit-code) since Wed 2022-11-02 02:20:29 EDT; 19ms ago
  Process: 7804 ExecStart=/etc/init.d/dnsmasq systemd-exec (code=exited, status=2)
  Process: 7803 ExecStartPre=/usr/sbin/dnsmasq --test (code=exited, status=0/SUCCESS)

Nov 02 02:20:29 gateway.whyelab-137822.asu-cse-434-pg0.clemson.cloudlab.us systemd[1]: Starting dnsmasq - A lightweight DHCP and caching DNS server...
Nov 02 02:20:29 gateway.whyelab-137822.asu-cse-434-pg0.clemson.cloudlab.us dnsmasq[7803]: dnsmasq: syntax check OK.
Nov 02 02:20:29 gateway.whyelab-137822.asu-cse-434-pg0.clemson.cloudlab.us dnsmasq[7804]: dnsmasq: failed to create listening socket for port 53: Address already in use
Nov 02 02:20:29 gateway.whyelab-137822.asu-cse-434-pg0.clemson.cloudlab.us dnsmasq[7804]: failed to create listening socket for port 53: Address already in use
Nov 02 02:20:29 gateway.whyelab-137822.asu-cse-434-pg0.clemson.cloudlab.us dnsmasq[7804]: FAILED to start up
Nov 02 02:20:29 gateway.whyelab-137822.asu-cse-434-pg0.clemson.cloudlab.us systemd[1]: dnsmasq.service: Control process exited, code=exited status=2
Nov 02 02:20:29 gateway.whyelab-137822.asu-cse-434-pg0.clemson.cloudlab.us systemd[1]: dnsmasq.service: Failed with result 'exit-code'.
Nov 02 02:20:29 gateway.whyelab-137822.asu-cse-434-pg0.clemson.cloudlab.us systemd[1]: Failed to start dnsmasq - A lightweight DHCP and caching DNS server.
Processing triggers for libc-bin (2.31-0ubuntu9) ...
Processing triggers for dbus (1.12.2-1ubuntu1.2) ...
Processing triggers for systemd (237-3ubuntu10.50) ...
Processing triggers for ureadahead (0.100.0-20) ...
whyelab@gateway:~$ sudo wget -O /etc/dnsmasq.conf https://git.io/JThhR 
--2022-11-02 02:21:35--  https://git.io/JThhR
Resolving git.io (git.io)... 140.82.114.22
Connecting to git.io (git.io)|140.82.114.22|:443... connected.
HTTP request sent, awaiting response... 302 Found
Location: https://gist.githubusercontent.com/ffund/ae43447629c3c5b9da9eb54962f93adf/raw/331f8e54eedd6b1efe29152d6f14c6c63d739349/dnsmasq.conf [following]
--2022-11-02 02:21:35--  https://gist.githubusercontent.com/ffund/ae43447629c3c5b9da9eb54962f93adf/raw/331f8e54eedd6b1efe29152d6f14c6c63d739349/dnsmasq.conf
Resolving gist.githubusercontent.com (gist.githubusercontent.com)... 185.199.111.133, 185.199.108.133, 185.199.110.133, ...
Connecting to gist.githubusercontent.com (gist.githubusercontent.com)|185.199.111.133|:443... connected.
HTTP request sent, awaiting response... 200 OK
Length: 138 [text/plain]
Saving to: ‘/etc/dnsmasq.conf’

/etc/dnsmasq.conf                           100%[========================================================================================>]     138  --.-KB/s    in 0s      

2022-11-02 02:21:35 (2.64 MB/s) - ‘/etc/dnsmasq.conf’ saved [138/138]

whyelab@gateway:~$ sudo service dnsmasq restart
whyelab@gateway:~$ sudo tcpdump -i eth1 -n -e -v "udp port 67 or udp port 68"  
tcpdump: listening on eth1, link-type EN10MB (Ethernet), capture size 262144 bytes
02:24:18.715907 02:a1:98:cf:ca:d0 > ff:ff:ff:ff:ff:ff, ethertype IPv4 (0x0800), length 342: (tos 0x10, ttl 128, id 0, offset 0, flags [none], proto UDP (17), length 328)
    0.0.0.0.68 > 255.255.255.255.67: BOOTP/DHCP, Request from 02:a1:98:cf:ca:d0, length 300, xid 0x61ee16d, Flags [none]
          Client-Ethernet-Address 02:a1:98:cf:ca:d0
          Vendor-rfc1048 Extensions
            Magic Cookie 0x63825363
            DHCP-Message Option 53, length 1: Discover
            Hostname Option 12, length 8: "client-1"
            Parameter-Request Option 55, length 13: 
              Subnet-Mask, BR, Time-Zone, Default-Gateway
              Domain-Name, Domain-Name-Server, Option 119, Hostname
              Netbios-Name-Server, Netbios-Scope, MTU, Classless-Static-Route
              NTP
02:24:21.069078 02:a1:98:cf:ca:d0 > ff:ff:ff:ff:ff:ff, ethertype IPv4 (0x0800), length 342: (tos 0x10, ttl 128, id 0, offset 0, flags [none], proto UDP (17), length 328)
    0.0.0.0.68 > 255.255.255.255.67: BOOTP/DHCP, Request from 02:a1:98:cf:ca:d0, length 300, xid 0x61ee16d, secs 3, Flags [none]
          Client-Ethernet-Address 02:a1:98:cf:ca:d0
          Vendor-rfc1048 Extensions
            Magic Cookie 0x63825363
            DHCP-Message Option 53, length 1: Discover
            Hostname Option 12, length 8: "client-1"
            Parameter-Request Option 55, length 13: 
              Subnet-Mask, BR, Time-Zone, Default-Gateway
              Domain-Name, Domain-Name-Server, Option 119, Hostname
              Netbios-Name-Server, Netbios-Scope, MTU, Classless-Static-Route
              NTP
02:24:21.720331 02:12:03:2e:31:e4 > 02:a1:98:cf:ca:d0, ethertype IPv4 (0x0800), length 342: (tos 0xc0, ttl 64, id 44067, offset 0, flags [none], proto UDP (17), length 328)
    192.168.100.1.67 > 192.168.100.160.68: BOOTP/DHCP, Reply, length 300, xid 0x61ee16d, Flags [none]
          Your-IP 192.168.100.160
          Server-IP 192.168.100.1
          Client-Ethernet-Address 02:a1:98:cf:ca:d0
          Vendor-rfc1048 Extensions
            Magic Cookie 0x63825363
            DHCP-Message Option 53, length 1: Offer
            Server-ID Option 54, length 4: 192.168.100.1
            Lease-Time Option 51, length 4: 14400
            RN Option 58, length 4: 7200
            RB Option 59, length 4: 12600
            Subnet-Mask Option 1, length 4: 255.255.255.0
            BR Option 28, length 4: 192.168.100.255
            Domain-Name-Server Option 6, length 4: 192.168.100.1
            Default-Gateway Option 3, length 4: 192.168.100.1
02:24:21.720501 02:12:03:2e:31:e4 > 02:a1:98:cf:ca:d0, ethertype IPv4 (0x0800), length 342: (tos 0xc0, ttl 64, id 44068, offset 0, flags [none], proto UDP (17), length 328)
    192.168.100.1.67 > 192.168.100.160.68: BOOTP/DHCP, Reply, length 300, xid 0x61ee16d, secs 3, Flags [none]
          Your-IP 192.168.100.160
          Server-IP 192.168.100.1
          Client-Ethernet-Address 02:a1:98:cf:ca:d0
          Vendor-rfc1048 Extensions
            Magic Cookie 0x63825363
            DHCP-Message Option 53, length 1: Offer
            Server-ID Option 54, length 4: 192.168.100.1
            Lease-Time Option 51, length 4: 14400
            RN Option 58, length 4: 7200
            RB Option 59, length 4: 12600
            Subnet-Mask Option 1, length 4: 255.255.255.0
            BR Option 28, length 4: 192.168.100.255
            Domain-Name-Server Option 6, length 4: 192.168.100.1
            Default-Gateway Option 3, length 4: 192.168.100.1
02:24:21.721450 02:a1:98:cf:ca:d0 > ff:ff:ff:ff:ff:ff, ethertype IPv4 (0x0800), length 342: (tos 0x10, ttl 128, id 0, offset 0, flags [none], proto UDP (17), length 328)
    0.0.0.0.68 > 255.255.255.255.67: BOOTP/DHCP, Request from 02:a1:98:cf:ca:d0, length 300, xid 0x61ee16d, secs 3, Flags [none]
          Client-Ethernet-Address 02:a1:98:cf:ca:d0
          Vendor-rfc1048 Extensions
            Magic Cookie 0x63825363
            DHCP-Message Option 53, length 1: Request
            Server-ID Option 54, length 4: 192.168.100.1
            Requested-IP Option 50, length 4: 192.168.100.160
            Hostname Option 12, length 8: "client-1"
            Parameter-Request Option 55, length 13: 
              Subnet-Mask, BR, Time-Zone, Default-Gateway
              Domain-Name, Domain-Name-Server, Option 119, Hostname
              Netbios-Name-Server, Netbios-Scope, MTU, Classless-Static-Route
              NTP
02:24:21.741252 02:12:03:2e:31:e4 > 02:a1:98:cf:ca:d0, ethertype IPv4 (0x0800), length 344: (tos 0xc0, ttl 64, id 44073, offset 0, flags [none], proto UDP (17), length 330)
    192.168.100.1.67 > 192.168.100.160.68: BOOTP/DHCP, Reply, length 302, xid 0x61ee16d, secs 3, Flags [none]
          Your-IP 192.168.100.160
          Server-IP 192.168.100.1
          Client-Ethernet-Address 02:a1:98:cf:ca:d0
          Vendor-rfc1048 Extensions
            Magic Cookie 0x63825363
            DHCP-Message Option 53, length 1: ACK
            Server-ID Option 54, length 4: 192.168.100.1
            Lease-Time Option 51, length 4: 14400
            RN Option 58, length 4: 7200
            RB Option 59, length 4: 12600
            Subnet-Mask Option 1, length 4: 255.255.255.0
            BR Option 28, length 4: 192.168.100.255
            Hostname Option 12, length 8: "client-1"
            Domain-Name-Server Option 6, length 4: 192.168.100.1
            Default-Gateway Option 3, length 4: 192.168.100.1

whyelab@gateway:~$ sudo tcpdump -i eth1 -n -e -v "udp port 67 or udp port 68"
tcpdump: listening on eth1, link-type EN10MB (Ethernet), capture size 262144 bytes
02:27:28.541518 02:68:46:54:62:10 > ff:ff:ff:ff:ff:ff, ethertype IPv4 (0x0800), length 342: (tos 0x10, ttl 128, id 0, offset 0, flags [none], proto UDP (17), length 328)
    0.0.0.0.68 > 255.255.255.255.67: BOOTP/DHCP, Request from 02:68:46:54:62:10, length 300, xid 0x1def591b, Flags [none]
          Client-Ethernet-Address 02:68:46:54:62:10
          Vendor-rfc1048 Extensions
            Magic Cookie 0x63825363
            DHCP-Message Option 53, length 1: Discover
            Hostname Option 12, length 8: "client-2"
            Parameter-Request Option 55, length 13: 
              Subnet-Mask, BR, Time-Zone, Default-Gateway
              Domain-Name, Domain-Name-Server, Option 119, Hostname
              Netbios-Name-Server, Netbios-Scope, MTU, Classless-Static-Route
              NTP
02:27:31.430122 02:68:46:54:62:10 > ff:ff:ff:ff:ff:ff, ethertype IPv4 (0x0800), length 342: (tos 0x10, ttl 128, id 0, offset 0, flags [none], proto UDP (17), length 328)
    0.0.0.0.68 > 255.255.255.255.67: BOOTP/DHCP, Request from 02:68:46:54:62:10, length 300, xid 0x1def591b, secs 3, Flags [none]
          Client-Ethernet-Address 02:68:46:54:62:10
          Vendor-rfc1048 Extensions
            Magic Cookie 0x63825363
            DHCP-Message Option 53, length 1: Discover
            Hostname Option 12, length 8: "client-2"
            Parameter-Request Option 55, length 13: 
              Subnet-Mask, BR, Time-Zone, Default-Gateway
              Domain-Name, Domain-Name-Server, Option 119, Hostname
              Netbios-Name-Server, Netbios-Scope, MTU, Classless-Static-Route
              NTP
02:27:31.545415 02:12:03:2e:31:e4 > 02:68:46:54:62:10, ethertype IPv4 (0x0800), length 342: (tos 0xc0, ttl 64, id 3472, offset 0, flags [none], proto UDP (17), length 328)
    192.168.100.1.67 > 192.168.100.146.68: BOOTP/DHCP, Reply, length 300, xid 0x1def591b, Flags [none]
          Your-IP 192.168.100.146
          Server-IP 192.168.100.1
          Client-Ethernet-Address 02:68:46:54:62:10
          Vendor-rfc1048 Extensions
            Magic Cookie 0x63825363
            DHCP-Message Option 53, length 1: Offer
            Server-ID Option 54, length 4: 192.168.100.1
            Lease-Time Option 51, length 4: 14400
            RN Option 58, length 4: 7200
            RB Option 59, length 4: 12600
            Subnet-Mask Option 1, length 4: 255.255.255.0
            BR Option 28, length 4: 192.168.100.255
            Domain-Name-Server Option 6, length 4: 192.168.100.1
            Default-Gateway Option 3, length 4: 192.168.100.1
02:27:31.545592 02:12:03:2e:31:e4 > 02:68:46:54:62:10, ethertype IPv4 (0x0800), length 342: (tos 0xc0, ttl 64, id 3473, offset 0, flags [none], proto UDP (17), length 328)
    192.168.100.1.67 > 192.168.100.146.68: BOOTP/DHCP, Reply, length 300, xid 0x1def591b, secs 3, Flags [none]
          Your-IP 192.168.100.146
          Server-IP 192.168.100.1
          Client-Ethernet-Address 02:68:46:54:62:10
          Vendor-rfc1048 Extensions
            Magic Cookie 0x63825363
            DHCP-Message Option 53, length 1: Offer
            Server-ID Option 54, length 4: 192.168.100.1
            Lease-Time Option 51, length 4: 14400
            RN Option 58, length 4: 7200
            RB Option 59, length 4: 12600
            Subnet-Mask Option 1, length 4: 255.255.255.0
            BR Option 28, length 4: 192.168.100.255
            Domain-Name-Server Option 6, length 4: 192.168.100.1
            Default-Gateway Option 3, length 4: 192.168.100.1
02:27:31.545973 02:68:46:54:62:10 > ff:ff:ff:ff:ff:ff, ethertype IPv4 (0x0800), length 342: (tos 0x10, ttl 128, id 0, offset 0, flags [none], proto UDP (17), length 328)
    0.0.0.0.68 > 255.255.255.255.67: BOOTP/DHCP, Request from 02:68:46:54:62:10, length 300, xid 0x1def591b, secs 3, Flags [none]
          Client-Ethernet-Address 02:68:46:54:62:10
          Vendor-rfc1048 Extensions
            Magic Cookie 0x63825363
            DHCP-Message Option 53, length 1: Request
            Server-ID Option 54, length 4: 192.168.100.1
            Requested-IP Option 50, length 4: 192.168.100.146
            Hostname Option 12, length 8: "client-2"
            Parameter-Request Option 55, length 13: 
              Subnet-Mask, BR, Time-Zone, Default-Gateway
              Domain-Name, Domain-Name-Server, Option 119, Hostname
              Netbios-Name-Server, Netbios-Scope, MTU, Classless-Static-Route
              NTP
02:27:31.567408 02:12:03:2e:31:e4 > 02:68:46:54:62:10, ethertype IPv4 (0x0800), length 344: (tos 0xc0, ttl 64, id 3479, offset 0, flags [none], proto UDP (17), length 330)
    192.168.100.1.67 > 192.168.100.146.68: BOOTP/DHCP, Reply, length 302, xid 0x1def591b, secs 3, Flags [none]
          Your-IP 192.168.100.146
          Server-IP 192.168.100.1
          Client-Ethernet-Address 02:68:46:54:62:10
          Vendor-rfc1048 Extensions
            Magic Cookie 0x63825363
            DHCP-Message Option 53, length 1: ACK
            Server-ID Option 54, length 4: 192.168.100.1
            Lease-Time Option 51, length 4: 14400
            RN Option 58, length 4: 7200
            RB Option 59, length 4: 12600
            Subnet-Mask Option 1, length 4: 255.255.255.0
            BR Option 28, length 4: 192.168.100.255
            Hostname Option 12, length 8: "client-2"
            Domain-Name-Server Option 6, length 4: 192.168.100.1
            Default-Gateway Option 3, length 4: 192.168.100.1
